192.0.101.226 - - [07/Jul/2021:12:04:10 +0000] "HEAD / HTTP/1.1" 200 5179 "-" "jetmon/1.0 (Jetpack Site Uptime Monitor by WordPress.com)"
192.0.101.226 - - [07/Jul/2021:12:13:43 +0000] "HEAD / HTTP/1.1" 301 204 "-" "jetmon/1.0 (Jetpack Site Uptime Monitor by WordPress.com)"
192.0.101.226 - - [07/Jul/2021:12:13:43 +0000] "HEAD / HTTP/1.1" 200 5179 "-" "jetmon/1.0 (Jetpack Site Uptime Monitor by WordPress.com)"
82.77.68.51 - - [07/Jul/2021:12:20:16 +0000] "GET / HTTP/1.1" 400 379 "-" "Mozilla/5.0 (Windows NT 6.1; WOW64) AppleWebKit/537.36 (KHTML, like Gecko) Chrome/52.0.2743.116 Safari/537.36"
192.0.101.226 - - [07/Jul/2021:12:21:24 +0000] "HEAD / HTTP/1.1" 301 204 "-" "jetmon/1.0 (Jetpack Site Uptime Monitor by WordPress.com)"
192.0.101.226 - - [07/Jul/2021:12:21:24 +0000] "HEAD / HTTP/1.1" 200 5179 "-" "jetmon/1.0 (Jetpack Site Uptime Monitor by WordPress.com)"
93.48.34.96 - - [07/Jul/2021:12:25:21 +0000] "GET / HTTP/1.1" 400 0 "-" "-"
193.118.53.202 - - [07/Jul/2021:12:28:36 +0000] "GET / HTTP/1.1" 400 379 "-" "Mozilla/5.0 (Windows NT 10.0; Win64; x64) AppleWebKit/537.36 (KHTML, like Gecko) Chrome/60.0.3112.113 Safari/537.36"
192.0.101.226 - - [07/Jul/2021:12:29:37 +0000] "HEAD / HTTP/1.1" 301 204 "-" "jetmon/1.0 (Jetpack Site Uptime Monitor by WordPress.com)"
192.0.101.226 - - [07/Jul/2021:12:29:38 +0000] "HEAD / HTTP/1.1" 200 5179 "-" "jetmon/1.0 (Jetpack Site Uptime Monitor by WordPress.com)"
192.0.101.226 - - [07/Jul/2021:12:37:26 +0000] "HEAD / HTTP/1.1" 301 204 "-" "jetmon/1.0 (Jetpack Site Uptime Monitor by WordPress.com)"
192.0.101.226 - - [07/Jul/2021:12:37:26 +0000] "HEAD / HTTP/1.1" 200 5179 "-" "jetmon/1.0 (Jetpack Site Uptime Monitor by WordPress.com)"
192.0.101.226 - - [07/Jul/2021:12:45:32 +0000] "HEAD / HTTP/1.1" 301 204 "-" "jetmon/1.0 (Jetpack Site Uptime Monitor by WordPress.com)"
192.0.101.226 - - [07/Jul/2021:12:45:32 +0000] "HEAD / HTTP/1.1" 200 5179 "-" "jetmon/1.0 (Jetpack Site Uptime Monitor by WordPress.com)"
192.0.101.226 - - [07/Jul/2021:12:53:13 +0000] "HEAD / HTTP/1.1" 301 204 "-" "jetmon/1.0 (Jetpack Site Uptime Monitor by WordPress.com)"
192.0.101.226 - - [07/Jul/2021:12:53:13 +0000] "HEAD / HTTP/1.1" 200 5179 "-" "jetmon/1.0 (Jetpack Site Uptime Monitor by WordPress.com)"
192.0.101.226 - - [07/Jul/2021:13:01:12 +0000] "HEAD / HTTP/1.1" 301 204 "-" "jetmon/1.0 (Jetpack Site Uptime Monitor by WordPress.com)"
192.0.101.226 - - [07/Jul/2021:13:01:12 +0000] "HEAD / HTTP/1.1" 200 5179 "-" "jetmon/1.0 (Jetpack Site Uptime Monitor by WordPress.com)"
192.0.101.226 - - [07/Jul/2021:13:09:24 +0000] "HEAD / HTTP/1.1" 301 204 "-" "jetmon/1.0 (Jetpack Site Uptime Monitor by WordPress.com)"
192.0.101.226 - - [07/Jul/2021:13:09:26 +0000] "HEAD / HTTP/1.1" 200 5179 "-" "jetmon/1.0 (Jetpack Site Uptime Monitor by WordPress.com)"
192.0.101.226 - - [07/Jul/2021:13:17:16 +0000] "HEAD / HTTP/1.1" 301 204 "-" "jetmon/1.0 (Jetpack Site Uptime Monitor by WordPress.com)"
192.0.101.226 - - [07/Jul/2021:13:17:16 +0000] "HEAD / HTTP/1.1" 200 5179 "-" "jetmon/1.0 (Jetpack Site Uptime Monitor by WordPress.com)"
186.68.231.202 - - [07/Jul/2021:13:23:19 +0000] "GET / HTTP/1.1" 400 0 "-" "-"
209.97.156.248 - - [07/Jul/2021:13:23:39 +0000] "GET / HTTP/1.0" 200 18247 "-" "Mozilla/5.0 (compatible; NetcraftSurveyAgent/1.0; +info@netcraft.com)"
192.0.101.226 - - [07/Jul/2021:13:25:36 +0000] "HEAD / HTTP/1.1" 301 204 "-" "jetmon/1.0 (Jetpack Site Uptime Monitor by WordPress.com)"
192.0.101.226 - - [07/Jul/2021:13:25:36 +0000] "HEAD / HTTP/1.1" 200 5179 "-" "jetmon/1.0 (Jetpack Site Uptime Monitor by WordPress.com)"
186.71.112.188 - - [07/Jul/2021:13:26:04 +0000] "GET / HTTP/1.1" 400 0 "-" "-"
207.46.13.34 - - [07/Jul/2021:13:26:16 +0000] "GET / HTTP/1.1" 200 8910 "-" "Mozilla/5.0 (compatible; bingbot/2.0; +http://www.bing.com/bingbot.htm)"
192.0.101.226 - - [07/Jul/2021:13:33:12 +0000] "HEAD / HTTP/1.1" 301 204 "-" "jetmon/1.0 (Jetpack Site Uptime Monitor by WordPress.com)"
192.0.101.226 - - [07/Jul/2021:13:33:12 +0000] "HEAD / HTTP/1.1" 200 5179 "-" "jetmon/1.0 (Jetpack Site Uptime Monitor by WordPress.com)"
128.1.248.26 - - [07/Jul/2021:13:36:43 +0000] "GET / HTTP/1.1" 301 521 "http://174.142.114.11/" "Mozilla/5.0 (Windows NT 10.0; Win64; x64) AppleWebKit/537.36 (KHTML, like Gecko) Chrome/60.0.3112.113 Safari/537.36"
128.1.248.26 - - [07/Jul/2021:13:36:43 +0000] "GET / HTTP/1.1" 200 8656 "http://www.example.org/" "Mozilla/5.0 (Windows NT 10.0; Win64; x64) AppleWebKit/537.36 (KHTML, like Gecko) Chrome/60.0.3112.113 Safari/537.36"
186.11.81.165 - - [07/Jul/2021:13:37:32 +0000] "GET /static/main_page/css/style_main.css HTTP/1.1" 200 5910 "https://www.example.org/" "Mozilla/5.0 (Linux; Android 11; SM-G973F) AppleWebKit/537.36 (KHTML, like Gecko) Chrome/90.0.4430.91 Mobile Safari/537.36"
186.11.81.165 - - [07/Jul/2021:13:37:32 +0000] "GET /favicon.ico HTTP/1.1" 404 476 "https://www.example.org/" "Mozilla/5.0 (Linux; Android 11; SM-G973F) AppleWebKit/537.36 (KHTML, like Gecko) Chrome/90.0.4430.91 Mobile Safari/537.36"
186.11.81.165 - - [07/Jul/2021:13:37:52 +0000] "-" 408 5199 "-" "-"
192.0.101.226 - - [07/Jul/2021:13:41:07 +0000] "HEAD / HTTP/1.1" 301 204 "-" "jetmon/1.0 (Jetpack Site Uptime Monitor by WordPress.com)"
192.0.101.226 - - [07/Jul/2021:13:41:07 +0000] "HEAD / HTTP/1.1" 200 5179 "-" "jetmon/1.0 (Jetpack Site Uptime Monitor by WordPress.com)"
192.0.101.226 - - [07/Jul/2021:13:48:51 +0000] "HEAD / HTTP/1.1" 301 204 "-" "jetmon/1.0 (Jetpack Site Uptime Monitor by WordPress.com)"
192.0.101.226 - - [07/Jul/2021:13:48:52 +0000] "HEAD / HTTP/1.1" 200 5179 "-" "jetmon/1.0 (Jetpack Site Uptime Monitor by WordPress.com)"
186.70.233.37 - - [07/Jul/2021:13:49:02 +0000] "GET / HTTP/1.1" 400 0 "-" "-"
192.138.210.23 - - [07/Jul/2021:13:53:15 +0000] "GET / HTTP/1.1" 400 379 "-" "Mozilla/5.0 (compatible; Baiduspider/2.0; +http://www.baidu.com/search/spider.html)"
192.0.101.226 - - [07/Jul/2021:13:57:11 +0000] "HEAD / HTTP/1.1" 301 204 "-" "jetmon/1.0 (Jetpack Site Uptime Monitor by WordPress.com)"
192.0.101.226 - - [07/Jul/2021:13:57:11 +0000] "HEAD / HTTP/1.1" 200 5179 "-" "jetmon/1.0 (Jetpack Site Uptime Monitor by WordPress.com)"
114.119.138.206 - - [07/Jul/2021:14:00:18 +0000] "GET /robots.txt HTTP/1.1" 301 597 "-" "Mozilla/5.0 (compatible;PetalBot;+https://webmaster.petalsearch.com/site/petalbot)"
114.119.138.206 - - [07/Jul/2021:14:00:19 +0000] "GET /robots.txt HTTP/1.1" 404 4976 "-" "Mozilla/5.0 (compatible;PetalBot;+https://webmaster.petalsearch.com/site/petalbot)"
192.0.101.226 - - [07/Jul/2021:14:04:53 +0000] "HEAD / HTTP/1.1" 301 204 "-" "jetmon/1.0 (Jetpack Site Uptime Monitor by WordPress.com)"
192.0.101.226 - - [07/Jul/2021:14:04:53 +0000] "HEAD / HTTP/1.1" 200 5179 "-" "jetmon/1.0 (Jetpack Site Uptime Monitor by WordPress.com)"
192.0.101.226 - - [07/Jul/2021:14:14:32 +0000] "HEAD / HTTP/1.1" 301 204 "-" "jetmon/1.0 (Jetpack Site Uptime Monitor by WordPress.com)"
192.0.101.226 - - [07/Jul/2021:14:14:33 +0000] "HEAD / HTTP/1.1" 200 5179 "-" "jetmon/1.0 (Jetpack Site Uptime Monitor by WordPress.com)"
65.49.20.67 - - [07/Jul/2021:14:18:01 +0000] "GET / HTTP/1.1" 400 379 "-" "-"
192.0.101.226 - - [07/Jul/2021:14:22:08 +0000] "HEAD / HTTP/1.1" 301 204 "-" "jetmon/1.0 (Jetpack Site Uptime Monitor by WordPress.com)"
192.0.101.226 - - [07/Jul/2021:14:22:09 +0000] "HEAD / HTTP/1.1" 200 5179 "-" "jetmon/1.0 (Jetpack Site Uptime Monitor by WordPress.com)"
87.120.183.16 - - [07/Jul/2021:14:25:46 +0000] "GET / HTTP/1.1" 400 0 "-" "-"
192.0.101.226 - - [07/Jul/2021:14:30:26 +0000] "HEAD / HTTP/1.1" 301 204 "-" "jetmon/1.0 (Jetpack Site Uptime Monitor by WordPress.com)"
192.0.101.226 - - [07/Jul/2021:14:30:26 +0000] "HEAD / HTTP/1.1" 200 5179 "-" "jetmon/1.0 (Jetpack Site Uptime Monitor by WordPress.com)"
114.119.137.128 - - [07/Jul/2021:14:37:48 +0000] "GET /robots.txt HTTP/1.1" 404 4976 "-" "Mozilla/5.0 (compatible;PetalBot;+https://webmaster.petalsearch.com/site/petalbot)"
192.0.101.226 - - [07/Jul/2021:14:38:05 +0000] "HEAD / HTTP/1.1" 301 204 "-" "jetmon/1.0 (Jetpack Site Uptime Monitor by WordPress.com)"
192.0.101.226 - - [07/Jul/2021:14:38:05 +0000] "HEAD / HTTP/1.1" 200 5179 "-" "jetmon/1.0 (Jetpack Site Uptime Monitor by WordPress.com)"
185.220.102.243 - - [07/Jul/2021:14:43:20 +0000] "GET / HTTP/1.1" 400 5521 "-" "Mozilla/5.0 (compatible; Baiduspider/2.0; +http://www.baidu.com/search/spider.html)"
192.0.101.226 - - [07/Jul/2021:14:46:05 +0000] "HEAD / HTTP/1.1" 301 204 "-" "jetmon/1.0 (Jetpack Site Uptime Monitor by WordPress.com)"
192.0.101.226 - - [07/Jul/2021:14:46:05 +0000] "HEAD / HTTP/1.1" 200 5179 "-" "jetmon/1.0 (Jetpack Site Uptime Monitor by WordPress.com)"
209.141.47.35 - - [07/Jul/2021:14:46:56 +0000] "GET /config/getuser?index=0 HTTP/1.1" 502 615 "-" "Mozilla/5.0 (X11; Ubuntu; Linux x86_64; rv:76.0) Gecko/20100101 Firefox/76.0"
185.220.101.218 - - [07/Jul/2021:14:47:59 +0000] "-" 408 5120 "-" "-"
186.11.81.165 - - [07/Jul/2021:14:48:34 +0000] "GET /app HTTP/1.1" 304 5375 "https://www.example.org/" "Mozilla/5.0 (Linux; Android 11; SM-G973F) AppleWebKit/537.36 (KHTML, like Gecko) Chrome/90.0.4430.91 Mobile Safari/537.36"
186.11.81.165 - - [07/Jul/2021:14:48:36 +0000] "GET /app/static/css/2.93d0ce73.chunk.css HTTP/1.1" 304 175 "https://www.example.org/app" "Mozilla/5.0 (Linux; Android 11; SM-G973F) AppleWebKit/537.36 (KHTML, like Gecko) Chrome/90.0.4430.91 Mobile Safari/537.36"
186.11.81.165 - - [07/Jul/2021:14:48:36 +0000] "GET /app/static/css/main.5c78798f.chunk.css HTTP/1.1" 304 5375 "https://www.example.org/app" "Mozilla/5.0 (Linux; Android 11; SM-G973F) AppleWebKit/537.36 (KHTML, like Gecko) Chrome/90.0.4430.91 Mobile Safari/537.36"
186.11.81.165 - - [07/Jul/2021:14:48:36 +0000] "GET /app/static/js/2.49fb7643.chunk.js HTTP/1.1" 304 175 "https://www.example.org/app" "Mozilla/5.0 (Linux; Android 11; SM-G973F) AppleWebKit/537.36 (KHTML, like Gecko) Chrome/90.0.4430.91 Mobile Safari/537.36"
186.11.81.165 - - [07/Jul/2021:14:48:36 +0000] "GET /app/static/js/main.91f34c1a.chunk.js HTTP/1.1" 304 175 "https://www.example.org/app" "Mozilla/5.0 (Linux; Android 11; SM-G973F) AppleWebKit/537.36 (KHTML, like Gecko) Chrome/90.0.4430.91 Mobile Safari/537.36"
186.11.81.165 - - [07/Jul/2021:14:48:37 +0000] "GET /app/manifest.json HTTP/1.1" 304 5375 "https://www.example.org/app/login" "Mozilla/5.0 (Linux; Android 11; SM-G973F) AppleWebKit/537.36 (KHTML, like Gecko) Chrome/90.0.4430.91 Mobile Safari/537.36"
186.11.81.165 - - [07/Jul/2021:14:48:38 +0000] "GET /app/logo192.png HTTP/1.1" 304 175 "https://www.example.org/app/login" "Mozilla/5.0 (Linux; Android 11; SM-G973F) AppleWebKit/537.36 (KHTML, like Gecko) Chrome/90.0.4430.91 Mobile Safari/537.36"
186.11.81.165 - - [07/Jul/2021:14:48:47 +0000] "OPTIONS /login HTTP/1.1" 200 5644 "https://www.example.org/" "Mozilla/5.0 (Linux; Android 11; SM-G973F) AppleWebKit/537.36 (KHTML, like Gecko) Chrome/90.0.4430.91 Mobile Safari/537.36"
186.11.81.165 - - [07/Jul/2021:14:48:47 +0000] "POST /login HTTP/1.1" 200 892 "https://www.example.org/" "Mozilla/5.0 (Linux; Android 11; SM-G973F) AppleWebKit/537.36 (KHTML, like Gecko) Chrome/90.0.4430.91 Mobile Safari/537.36"
186.11.81.165 - - [07/Jul/2021:14:48:47 +0000] "GET /get_resources?id=32 HTTP/1.1" 304 222 "https://www.example.org/" "Mozilla/5.0 (Linux; Android 11; SM-G973F) AppleWebKit/537.36 (KHTML, like Gecko) Chrome/90.0.4430.91 Mobile Safari/537.36"
186.11.81.165 - - [07/Jul/2021:14:48:47 +0000] "OPTIONS /get_sensor_flow_data2?id=76&limit=1000&order=DESC HTTP/1.1" 200 407 "https://www.example.org/" "Mozilla/5.0 (Linux; Android 11; SM-G973F) AppleWebKit/537.36 (KHTML, like Gecko) Chrome/90.0.4430.91 Mobile Safari/537.36"
186.11.81.165 - - [07/Jul/2021:14:48:48 +0000] "OPTIONS /gates/71 HTTP/1.1" 200 407 "https://www.example.org/" "Mozilla/5.0 (Linux; Android 11; SM-G973F) AppleWebKit/537.36 (KHTML, like Gecko) Chrome/90.0.4430.91 Mobile Safari/537.36"
186.11.81.165 - - [07/Jul/2021:14:48:48 +0000] "OPTIONS /gates/72 HTTP/1.1" 200 971 "https://www.example.org/" "Mozilla/5.0 (Linux; Android 11; SM-G973F) AppleWebKit/537.36 (KHTML, like Gecko) Chrome/90.0.4430.91 Mobile Safari/537.36"
186.11.81.165 - - [07/Jul/2021:14:48:48 +0000] "OPTIONS /gates/73 HTTP/1.1" 200 971 "https://www.example.org/" "Mozilla/5.0 (Linux; Android 11; SM-G973F) AppleWebKit/537.36 (KHTML, like Gecko) Chrome/90.0.4430.91 Mobile Safari/537.36"
186.11.81.165 - - [07/Jul/2021:14:48:48 +0000] "OPTIONS /gates/74 HTTP/1.1" 200 5607 "https://www.example.org/" "Mozilla/5.0 (Linux; Android 11; SM-G973F) AppleWebKit/537.36 (KHTML, like Gecko) Chrome/90.0.4430.91 Mobile Safari/537.36"
186.11.81.165 - - [07/Jul/2021:14:48:48 +0000] "GET /get_sensor_flow_data2?id=76&limit=1000&order=DESC HTTP/1.1" 200 41969 "https://www.example.org/" "Mozilla/5.0 (Linux; Android 11; SM-G973F) AppleWebKit/537.36 (KHTML, like Gecko) Chrome/90.0.4430.91 Mobile Safari/537.36"
186.11.81.165 - - [07/Jul/2021:14:48:48 +0000] "GET /gates/71 HTTP/1.1" 200 690 "https://www.example.org/" "Mozilla/5.0 (Linux; Android 11; SM-G973F) AppleWebKit/537.36 (KHTML, like Gecko) Chrome/90.0.4430.91 Mobile Safari/537.36"
186.11.81.165 - - [07/Jul/2021:14:48:50 +0000] "OPTIONS / HTTP/1.1" 204 5534 "https://www.example.org/" "Mozilla/5.0 (Linux; Android 11; SM-G973F) AppleWebKit/537.36 (KHTML, like Gecko) Chrome/90.0.4430.91 Mobile Safari/537.36"
186.11.81.165 - - [07/Jul/2021:14:48:48 +0000] "GET /gates/72 HTTP/1.1" 200 690 "https://www.example.org/" "Mozilla/5.0 (Linux; Android 11; SM-G973F) AppleWebKit/537.36 (KHTML, like Gecko) Chrome/90.0.4430.91 Mobile Safari/537.36"
186.11.81.165 - - [07/Jul/2021:14:48:48 +0000] "GET /gates/73 HTTP/1.1" 200 684 "https://www.example.org/" "Mozilla/5.0 (Linux; Android 11; SM-G973F) AppleWebKit/537.36 (KHTML, like Gecko) Chrome/90.0.4430.91 Mobile Safari/537.36"
186.11.81.165 - - [07/Jul/2021:14:48:48 +0000] "GET /gates/74 HTTP/1.1" 200 689 "https://www.example.org/" "Mozilla/5.0 (Linux; Android 11; SM-G973F) AppleWebKit/537.36 (KHTML, like Gecko) Chrome/90.0.4430.91 Mobile Safari/537.36"
186.11.81.165 - - [07/Jul/2021:14:48:51 +0000] "POST / HTTP/1.1" 200 371 "https://www.example.org/" "Mozilla/5.0 (Linux; Android 11; SM-G973F) AppleWebKit/537.36 (KHTML, like Gecko) Chrome/90.0.4430.91 Mobile Safari/537.36"
186.11.81.165 - - [07/Jul/2021:14:48:54 +0000] "GET /charts/chart.066450a9b6624e4dbc1bee94bae1febf.png HTTP/1.1" 200 11965 "https://www.example.org/" "Mozilla/5.0 (Linux; Android 11; SM-G973F) AppleWebKit/537.36 (KHTML, like Gecko) Chrome/90.0.4430.91 Mobile Safari/537.36"
186.11.81.165 - - [07/Jul/2021:14:48:56 +0000] "-" 408 563 "-" "-"
186.11.81.165 - - [07/Jul/2021:14:48:56 +0000] "-" 408 563 "-" "-"
::1 - - [07/Jul/2021:14:48:57 +0000] "OPTIONS * HTTP/1.0" 200 126 "-" "Apache/2.4.41 (Ubuntu) OpenSSL/1.1.1f (internal dummy connection)"
::1 - - [07/Jul/2021:14:48:58 +0000] "OPTIONS * HTTP/1.0" 200 126 "-" "Apache/2.4.41 (Ubuntu) OpenSSL/1.1.1f (internal dummy connection)"
::1 - - [07/Jul/2021:14:48:59 +0000] "OPTIONS * HTTP/1.0" 200 126 "-" "Apache/2.4.41 (Ubuntu) OpenSSL/1.1.1f (internal dummy connection)"
::1 - - [07/Jul/2021:14:49:00 +0000] "OPTIONS * HTTP/1.0" 200 126 "-" "Apache/2.4.41 (Ubuntu) OpenSSL/1.1.1f (internal dummy connection)"
186.11.81.165 - - [07/Jul/2021:14:49:08 +0000] "-" 408 5199 "-" "-"
::1 - - [07/Jul/2021:14:49:09 +0000] "OPTIONS * HTTP/1.0" 200 126 "-" "Apache/2.4.41 (Ubuntu) OpenSSL/1.1.1f (internal dummy connection)"
186.11.81.165 - - [07/Jul/2021:14:49:13 +0000] "OPTIONS /login HTTP/1.1" 200 1008 "https://www.example.org/" "Mozilla/5.0 (Linux; Android 11; SM-G973F) AppleWebKit/537.36 (KHTML, like Gecko) Chrome/90.0.4430.91 Mobile Safari/537.36"
186.11.81.165 - - [07/Jul/2021:14:49:13 +0000] "POST /login HTTP/1.1" 200 894 "https://www.example.org/" "Mozilla/5.0 (Linux; Android 11; SM-G973F) AppleWebKit/537.36 (KHTML, like Gecko) Chrome/90.0.4430.91 Mobile Safari/537.36"
186.11.81.165 - - [07/Jul/2021:14:49:13 +0000] "GET /get_resources?id=35 HTTP/1.1" 304 222 "https://www.example.org/" "Mozilla/5.0 (Linux; Android 11; SM-G973F) AppleWebKit/537.36 (KHTML, like Gecko) Chrome/90.0.4430.91 Mobile Safari/537.36"
186.11.81.165 - - [07/Jul/2021:14:49:13 +0000] "OPTIONS /get_sensor_flow_data2?id=79&limit=1000&order=DESC HTTP/1.1" 200 407 "https://www.example.org/" "Mozilla/5.0 (Linux; Android 11; SM-G973F) AppleWebKit/537.36 (KHTML, like Gecko) Chrome/90.0.4430.91 Mobile Safari/537.36"
186.11.81.165 - - [07/Jul/2021:14:49:13 +0000] "OPTIONS /gates/80 HTTP/1.1" 200 407 "https://www.example.org/" "Mozilla/5.0 (Linux; Android 11; SM-G973F) AppleWebKit/537.36 (KHTML, like Gecko) Chrome/90.0.4430.91 Mobile Safari/537.36"
186.11.81.165 - - [07/Jul/2021:14:49:14 +0000] "OPTIONS /gates/81 HTTP/1.1" 200 971 "https://www.example.org/" "Mozilla/5.0 (Linux; Android 11; SM-G973F) AppleWebKit/537.36 (KHTML, like Gecko) Chrome/90.0.4430.91 Mobile Safari/537.36"
186.11.81.165 - - [07/Jul/2021:14:49:14 +0000] "GET /get_sensor_flow_data2?id=79&limit=1000&order=DESC HTTP/1.1" 200 29721 "https://www.example.org/" "Mozilla/5.0 (Linux; Android 11; SM-G973F) AppleWebKit/537.36 (KHTML, like Gecko) Chrome/90.0.4430.91 Mobile Safari/537.36"
186.11.81.165 - - [07/Jul/2021:14:49:14 +0000] "GET /gates/80 HTTP/1.1" 200 1246 "https://www.example.org/" "Mozilla/5.0 (Linux; Android 11; SM-G973F) AppleWebKit/537.36 (KHTML, like Gecko) Chrome/90.0.4430.91 Mobile Safari/537.36"
186.11.81.165 - - [07/Jul/2021:14:49:16 +0000] "OPTIONS / HTTP/1.1" 204 898 "https://www.example.org/" "Mozilla/5.0 (Linux; Android 11; SM-G973F) AppleWebKit/537.36 (KHTML, like Gecko) Chrome/90.0.4430.91 Mobile Safari/537.36"
186.11.81.165 - - [07/Jul/2021:14:49:14 +0000] "GET /gates/81 HTTP/1.1" 200 682 "https://www.example.org/" "Mozilla/5.0 (Linux; Android 11; SM-G973F) AppleWebKit/537.36 (KHTML, like Gecko) Chrome/90.0.4430.91 Mobile Safari/537.36"
186.11.81.165 - - [07/Jul/2021:14:49:16 +0000] "POST / HTTP/1.1" 200 371 "https://www.example.org/" "Mozilla/5.0 (Linux; Android 11; SM-G973F) AppleWebKit/537.36 (KHTML, like Gecko) Chrome/90.0.4430.91 Mobile Safari/537.36"
186.11.81.165 - - [07/Jul/2021:14:49:17 +0000] "GET /charts/chart.69ec08e5b7164208827ce91b416b00fa.png HTTP/1.1" 200 5680 "https://www.example.org/" "Mozilla/5.0 (Linux; Android 11; SM-G973F) AppleWebKit/537.36 (KHTML, like Gecko) Chrome/90.0.4430.91 Mobile Safari/537.36"
186.11.81.165 - - [07/Jul/2021:14:49:34 +0000] "-" 408 5199 "-" "-"
::1 - - [07/Jul/2021:14:49:35 +0000] "OPTIONS * HTTP/1.0" 200 126 "-" "Apache/2.4.41 (Ubuntu) OpenSSL/1.1.1f (internal dummy connection)"
186.11.81.165 - - [07/Jul/2021:14:49:52 +0000] "OPTIONS /login HTTP/1.1" 200 1008 "https://www.example.org/" "Mozilla/5.0 (Linux; Android 11; SM-G973F) AppleWebKit/537.36 (KHTML, like Gecko) Chrome/90.0.4430.91 Mobile Safari/537.36"
186.11.81.165 - - [07/Jul/2021:14:49:52 +0000] "POST /login HTTP/1.1" 200 891 "https://www.example.org/" "Mozilla/5.0 (Linux; Android 11; SM-G973F) AppleWebKit/537.36 (KHTML, like Gecko) Chrome/90.0.4430.91 Mobile Safari/537.36"
186.11.81.165 - - [07/Jul/2021:14:49:53 +0000] "GET /get_resources?id=31 HTTP/1.1" 304 222 "https://www.example.org/" "Mozilla/5.0 (Linux; Android 11; SM-G973F) AppleWebKit/537.36 (KHTML, like Gecko) Chrome/90.0.4430.91 Mobile Safari/537.36"
186.11.81.165 - - [07/Jul/2021:14:49:53 +0000] "OPTIONS /get_sensor_flow_data2?id=77&limit=1000&order=DESC HTTP/1.1" 200 407 "https://www.example.org/" "Mozilla/5.0 (Linux; Android 11; SM-G973F) AppleWebKit/537.36 (KHTML, like Gecko) Chrome/90.0.4430.91 Mobile Safari/537.36"
186.11.81.165 - - [07/Jul/2021:14:49:53 +0000] "OPTIONS /gates/75 HTTP/1.1" 200 407 "https://www.example.org/" "Mozilla/5.0 (Linux; Android 11; SM-G973F) AppleWebKit/537.36 (KHTML, like Gecko) Chrome/90.0.4430.91 Mobile Safari/537.36"
186.11.81.165 - - [07/Jul/2021:14:49:53 +0000] "GET /get_sensor_flow_data2?id=77&limit=1000&order=DESC HTTP/1.1" 200 30278 "https://www.example.org/" "Mozilla/5.0 (Linux; Android 11; SM-G973F) AppleWebKit/537.36 (KHTML, like Gecko) Chrome/90.0.4430.91 Mobile Safari/537.36"
186.11.81.165 - - [07/Jul/2021:14:49:53 +0000] "GET /gates/75 HTTP/1.1" 200 689 "https://www.example.org/" "Mozilla/5.0 (Linux; Android 11; SM-G973F) AppleWebKit/537.36 (KHTML, like Gecko) Chrome/90.0.4430.91 Mobile Safari/537.36"
186.11.81.165 - - [07/Jul/2021:14:49:55 +0000] "OPTIONS / HTTP/1.1" 204 898 "https://www.example.org/" "Mozilla/5.0 (Linux; Android 11; SM-G973F) AppleWebKit/537.36 (KHTML, like Gecko) Chrome/90.0.4430.91 Mobile Safari/537.36"
186.11.81.165 - - [07/Jul/2021:14:49:55 +0000] "POST / HTTP/1.1" 200 371 "https://www.example.org/" "Mozilla/5.0 (Linux; Android 11; SM-G973F) AppleWebKit/537.36 (KHTML, like Gecko) Chrome/90.0.4430.91 Mobile Safari/537.36"
186.11.81.165 - - [07/Jul/2021:14:49:56 +0000] "GET /charts/chart.5f78f3a71b4147879625be66a6a55d1a.png HTTP/1.1" 200 5736 "https://www.example.org/" "Mozilla/5.0 (Linux; Android 11; SM-G973F) AppleWebKit/537.36 (KHTML, like Gecko) Chrome/90.0.4430.91 Mobile Safari/537.36"
186.11.81.165 - - [07/Jul/2021:14:49:57 +0000] "-" 408 563 "-" "-"
186.11.81.165 - - [07/Jul/2021:14:49:57 +0000] "-" 408 563 "-" "-"
::1 - - [07/Jul/2021:14:50:03 +0000] "OPTIONS * HTTP/1.0" 200 126 "-" "Apache/2.4.41 (Ubuntu) OpenSSL/1.1.1f (internal dummy connection)"
186.11.81.165 - - [07/Jul/2021:14:50:13 +0000] "-" 408 563 "-" "-"
::1 - - [07/Jul/2021:14:50:15 +0000] "OPTIONS * HTTP/1.0" 200 126 "-" "Apache/2.4.41 (Ubuntu) OpenSSL/1.1.1f (internal dummy connection)"
192.0.101.226 - - [07/Jul/2021:14:53:55 +0000] "HEAD / HTTP/1.1" 301 204 "-" "jetmon/1.0 (Jetpack Site Uptime Monitor by WordPress.com)"
192.0.101.226 - - [07/Jul/2021:14:53:55 +0000] "HEAD / HTTP/1.1" 200 5179 "-" "jetmon/1.0 (Jetpack Site Uptime Monitor by WordPress.com)"
192.0.101.226 - - [07/Jul/2021:15:01:48 +0000] "HEAD / HTTP/1.1" 301 204 "-" "jetmon/1.0 (Jetpack Site Uptime Monitor by WordPress.com)"
192.0.101.226 - - [07/Jul/2021:15:01:48 +0000] "HEAD / HTTP/1.1" 200 5179 "-" "jetmon/1.0 (Jetpack Site Uptime Monitor by WordPress.com)"
80.82.78.39 - - [07/Jul/2021:15:02:00 +0000] "GET / HTTP/1.0" 400 0 "-" "-"
80.82.78.39 - - [07/Jul/2021:15:02:23 +0000] "GET /auth/login HTTP/1.1" 502 5756 "-" "Mozilla/5.0"
209.90.225.218 - - [07/Jul/2021:15:02:44 +0000] "HEAD /robots.txt HTTP/1.0" 301 214 "-" "-"
190.154.59.128 - - [07/Jul/2021:15:06:30 +0000] "GET / HTTP/1.1" 400 0 "-" "-"
45.79.218.30 - - [07/Jul/2021:15:07:26 +0000] "GET / HTTP/1.1" 301 521 "http://174.142.114.11/" "Mozilla/5.0 (Windows NT 10.0; Win64; x64) AppleWebKit/537.36 (KHTML, like Gecko) Chrome/60.0.3112.113 Safari/537.36"
192.0.101.226 - - [07/Jul/2021:15:09:44 +0000] "HEAD / HTTP/1.1" 301 204 "-" "jetmon/1.0 (Jetpack Site Uptime Monitor by WordPress.com)"
192.0.101.226 - - [07/Jul/2021:15:09:44 +0000] "HEAD / HTTP/1.1" 200 5179 "-" "jetmon/1.0 (Jetpack Site Uptime Monitor by WordPress.com)"
64.62.197.62 - - [07/Jul/2021:15:15:28 +0000] "GET / HTTP/1.1" 400 379 "-" "-"
54.36.148.215 - - [07/Jul/2021:15:17:05 +0000] "GET /robots.txt HTTP/1.1" 404 5620 "-" "Mozilla/5.0 (compatible; AhrefsBot/7.0; +http://ahrefs.com/robot/)"
192.0.101.226 - - [07/Jul/2021:15:17:34 +0000] "HEAD / HTTP/1.1" 301 204 "-" "jetmon/1.0 (Jetpack Site Uptime Monitor by WordPress.com)"
192.0.101.226 - - [07/Jul/2021:15:17:34 +0000] "HEAD / HTTP/1.1" 200 5179 "-" "jetmon/1.0 (Jetpack Site Uptime Monitor by WordPress.com)"
192.0.101.226 - - [07/Jul/2021:15:25:30 +0000] "HEAD / HTTP/1.1" 301 204 "-" "jetmon/1.0 (Jetpack Site Uptime Monitor by WordPress.com)"
192.0.101.226 - - [07/Jul/2021:15:25:30 +0000] "HEAD / HTTP/1.1" 200 5179 "-" "jetmon/1.0 (Jetpack Site Uptime Monitor by WordPress.com)"
186.70.230.10 - - [07/Jul/2021:15:28:07 +0000] "GET / HTTP/1.1" 400 0 "-" "-"
151.106.56.206 - - [07/Jul/2021:15:30:16 +0000] "GET /.env HTTP/1.1" 502 650 "-" "Mozilla/5.0 (Macintosh; Intel Mac OS X 10.15; rv:77.0) Gecko/20100101 Firefox/77.0"
192.0.101.226 - - [07/Jul/2021:15:33:28 +0000] "HEAD / HTTP/1.1" 301 204 "-" "jetmon/1.0 (Jetpack Site Uptime Monitor by WordPress.com)"
192.0.101.226 - - [07/Jul/2021:15:33:28 +0000] "HEAD / HTTP/1.1" 200 5179 "-" "jetmon/1.0 (Jetpack Site Uptime Monitor by WordPress.com)"
207.46.13.34 - - [07/Jul/2021:15:35:28 +0000] "GET / HTTP/1.1" 301 577 "-" "Mozilla/5.0 (compatible; bingbot/2.0; +http://www.bing.com/bingbot.htm)"
190.154.26.168 - - [07/Jul/2021:15:38:07 +0000] "GET / HTTP/1.1" 400 0 "-" "-"
192.0.101.226 - - [07/Jul/2021:15:41:17 +0000] "HEAD / HTTP/1.1" 301 204 "-" "jetmon/1.0 (Jetpack Site Uptime Monitor by WordPress.com)"
192.0.101.226 - - [07/Jul/2021:15:41:18 +0000] "HEAD / HTTP/1.1" 200 5179 "-" "jetmon/1.0 (Jetpack Site Uptime Monitor by WordPress.com)"
218.111.171.222 - - [07/Jul/2021:15:47:16 +0000] "GET / HTTP/1.1" 400 0 "-" "-"
192.0.101.226 - - [07/Jul/2021:15:49:15 +0000] "HEAD / HTTP/1.1" 301 204 "-" "jetmon/1.0 (Jetpack Site Uptime Monitor by WordPress.com)"
192.0.101.226 - - [07/Jul/2021:15:49:15 +0000] "HEAD / HTTP/1.1" 200 5179 "-" "jetmon/1.0 (Jetpack Site Uptime Monitor by WordPress.com)"
209.141.41.98 - - [07/Jul/2021:15:52:48 +0000] "POST /boaform/admin/formLogin HTTP/1.1" 502 653 "http://174.142.114.11:80/admin/login.asp" "Mozilla/5.0 (X11; Ubuntu; Linux x86_64; rv:71.0) Gecko/20100101 Firefox/71.0"
138.246.253.24 - - [07/Jul/2021:15:56:00 +0000] "GET /robots.txt HTTP/1.1" 502 5743 "-" "Mozilla/5.0 (Windows NT 10.0; Win64; x64) AppleWebKit/537.36 (KHTML, like Gecko) Chrome/88.0.4324.146 Safari/537.36"
192.0.101.226 - - [07/Jul/2021:15:57:36 +0000] "HEAD / HTTP/1.1" 301 204 "-" "jetmon/1.0 (Jetpack Site Uptime Monitor by WordPress.com)"
192.0.101.226 - - [07/Jul/2021:15:57:36 +0000] "HEAD / HTTP/1.1" 200 5179 "-" "jetmon/1.0 (Jetpack Site Uptime Monitor by WordPress.com)"
192.0.101.226 - - [07/Jul/2021:16:05:13 +0000] "HEAD / HTTP/1.1" 301 204 "-" "jetmon/1.0 (Jetpack Site Uptime Monitor by WordPress.com)"
192.0.101.226 - - [07/Jul/2021:16:05:13 +0000] "HEAD / HTTP/1.1" 200 5179 "-" "jetmon/1.0 (Jetpack Site Uptime Monitor by WordPress.com)"
186.69.92.209 - - [07/Jul/2021:16:07:32 +0000] "GET / HTTP/1.1" 400 0 "-" "-"
192.0.101.226 - - [07/Jul/2021:16:14:52 +0000] "HEAD / HTTP/1.1" 301 204 "-" "jetmon/1.0 (Jetpack Site Uptime Monitor by WordPress.com)"
192.0.101.226 - - [07/Jul/2021:16:14:52 +0000] "HEAD / HTTP/1.1" 200 5179 "-" "jetmon/1.0 (Jetpack Site Uptime Monitor by WordPress.com)"
192.0.101.226 - - [07/Jul/2021:16:22:40 +0000] "HEAD / HTTP/1.1" 301 204 "-" "jetmon/1.0 (Jetpack Site Uptime Monitor by WordPress.com)"
192.0.101.226 - - [07/Jul/2021:16:22:40 +0000] "HEAD / HTTP/1.1" 200 5179 "-" "jetmon/1.0 (Jetpack Site Uptime Monitor by WordPress.com)"
186.10.223.212 - - [07/Jul/2021:16:27:16 +0000] "GET / HTTP/1.1" 200 9362 "https://www.google.com/" "Mozilla/5.0 (Windows NT 10.0; Win64; x64) AppleWebKit/537.36 (KHTML, like Gecko) Chrome/91.0.4472.124 Safari/537.36"
186.10.223.212 - - [07/Jul/2021:16:27:16 +0000] "GET /static/main_page/css/style_main.css HTTP/1.1" 200 5910 "https://www.example.org/" "Mozilla/5.0 (Windows NT 10.0; Win64; x64) AppleWebKit/537.36 (KHTML, like Gecko) Chrome/91.0.4472.124 Safari/537.36"
186.10.223.212 - - [07/Jul/2021:16:27:16 +0000] "GET /static/main_page/css/layout_main.css HTTP/1.1" 200 1149 "https://www.example.org/" "Mozilla/5.0 (Windows NT 10.0; Win64; x64) AppleWebKit/537.36 (KHTML, like Gecko) Chrome/91.0.4472.124 Safari/537.36"
186.10.223.212 - - [07/Jul/2021:16:27:16 +0000] "GET /static/main_page/css/style.css HTTP/1.1" 200 7175 "https://www.example.org/" "Mozilla/5.0 (Windows NT 10.0; Win64; x64) AppleWebKit/537.36 (KHTML, like Gecko) Chrome/91.0.4472.124 Safari/537.36"
186.10.223.212 - - [07/Jul/2021:16:27:17 +0000] "GET /static/main_page/js/menu.js HTTP/1.1" 200 517 "https://www.example.org/" "Mozilla/5.0 (Windows NT 10.0; Win64; x64) AppleWebKit/537.36 (KHTML, like Gecko) Chrome/91.0.4472.124 Safari/537.36"
186.10.223.212 - - [07/Jul/2021:16:27:17 +0000] "GET /static/main_page/js/theme.js HTTP/1.1" 200 544 "https://www.example.org/" "Mozilla/5.0 (Windows NT 10.0; Win64; x64) AppleWebKit/537.36 (KHTML, like Gecko) Chrome/91.0.4472.124 Safari/537.36"
186.10.223.212 - - [07/Jul/2021:16:27:17 +0000] "GET /static/main_page/css/layout.css HTTP/1.1" 200 1451 "https://www.example.org/" "Mozilla/5.0 (Windows NT 10.0; Win64; x64) AppleWebKit/537.36 (KHTML, like Gecko) Chrome/91.0.4472.124 Safari/537.36"
186.10.223.212 - - [07/Jul/2021:16:27:17 +0000] "GET /static/main_page/image/logo_example.jpg HTTP/1.1" 200 41935 "https://www.example.org/" "Mozilla/5.0 (Windows NT 10.0; Win64; x64) AppleWebKit/537.36 (KHTML, like Gecko) Chrome/91.0.4472.124 Safari/537.36"
186.10.223.212 - - [07/Jul/2021:16:27:17 +0000] "GET /static/main_page/image/icono_compuerta.jpg HTTP/1.1" 200 7624 "https://www.example.org/" "Mozilla/5.0 (Windows NT 10.0; Win64; x64) AppleWebKit/537.36 (KHTML, like Gecko) Chrome/91.0.4472.124 Safari/537.36"
186.10.223.212 - - [07/Jul/2021:16:27:17 +0000] "GET /static/main_page/image/foto_2_villa_feliz.jpg HTTP/1.1" 200 90356 "https://www.example.org/" "Mozilla/5.0 (Windows NT 10.0; Win64; x64) AppleWebKit/537.36 (KHTML, like Gecko) Chrome/91.0.4472.124 Safari/537.36"
186.10.223.212 - - [07/Jul/2021:16:27:17 +0000] "GET /static/main_page/image/foto_1_villa_feliz.jpg HTTP/1.1" 200 92583 "https://www.example.org/" "Mozilla/5.0 (Windows NT 10.0; Win64; x64) AppleWebKit/537.36 (KHTML, like Gecko) Chrome/91.0.4472.124 Safari/537.36"
186.10.223.212 - - [07/Jul/2021:16:27:17 +0000] "GET /static/main_page/image/icono_medicion.jpg HTTP/1.1" 200 8087 "https://www.example.org/" "Mozilla/5.0 (Windows NT 10.0; Win64; x64) AppleWebKit/537.36 (KHTML, like Gecko) Chrome/91.0.4472.124 Safari/537.36"
186.10.223.212 - - [07/Jul/2021:16:27:17 +0000] "GET /static/main_page/image/icono_agricultura.jpg HTTP/1.1" 200 12476 "https://www.example.org/" "Mozilla/5.0 (Windows NT 10.0; Win64; x64) AppleWebKit/537.36 (KHTML, like Gecko) Chrome/91.0.4472.124 Safari/537.36"
186.10.223.212 - - [07/Jul/2021:16:27:17 +0000] "GET /static/main_page/image/pie_de_pagina.jpg HTTP/1.1" 200 237578 "https://www.example.org/" "Mozilla/5.0 (Windows NT 10.0; Win64; x64) AppleWebKit/537.36 (KHTML, like Gecko) Chrome/91.0.4472.124 Safari/537.36"
186.10.223.212 - - [07/Jul/2021:16:27:17 +0000] "GET /static/main_page/image/compuerta.jpg HTTP/1.1" 200 330483 "https://www.example.org/" "Mozilla/5.0 (Windows NT 10.0; Win64; x64) AppleWebKit/537.36 (KHTML, like Gecko) Chrome/91.0.4472.124 Safari/537.36"
186.10.223.212 - - [07/Jul/2021:16:27:17 +0000] "GET /static/main_page/image/medicion.jpg HTTP/1.1" 200 353020 "https://www.example.org/" "Mozilla/5.0 (Windows NT 10.0; Win64; x64) AppleWebKit/537.36 (KHTML, like Gecko) Chrome/91.0.4472.124 Safari/537.36"
186.10.223.212 - - [07/Jul/2021:16:27:18 +0000] "GET /favicon.ico HTTP/1.1" 404 476 "https://www.example.org/" "Mozilla/5.0 (Windows NT 10.0; Win64; x64) AppleWebKit/537.36 (KHTML, like Gecko) Chrome/91.0.4472.124 Safari/537.36"
::1 - - [07/Jul/2021:16:27:25 +0000] "OPTIONS * HTTP/1.0" 200 126 "-" "Apache/2.4.41 (Ubuntu) OpenSSL/1.1.1f (internal dummy connection)"
186.10.223.212 - - [07/Jul/2021:16:27:32 +0000] "GET / HTTP/1.1" 206 9358 "-" "WhatsApp/2.2123.8 N"
192.0.101.226 - - [07/Jul/2021:16:30:40 +0000] "HEAD / HTTP/1.1" 301 204 "-" "jetmon/1.0 (Jetpack Site Uptime Monitor by WordPress.com)"
192.0.101.226 - - [07/Jul/2021:16:30:40 +0000] "HEAD / HTTP/1.1" 200 5179 "-" "jetmon/1.0 (Jetpack Site Uptime Monitor by WordPress.com)"
185.101.107.61 - - [07/Jul/2021:16:32:10 +0000] "GET /config/getuser?index=0 HTTP/1.1" 502 615 "-" "Mozilla/5.0 (X11; Ubuntu; Linux x86_64; rv:76.0) Gecko/20100101 Firefox/76.0"
192.0.101.226 - - [07/Jul/2021:16:38:31 +0000] "HEAD / HTTP/1.1" 301 204 "-" "jetmon/1.0 (Jetpack Site Uptime Monitor by WordPress.com)"
192.0.101.226 - - [07/Jul/2021:16:38:31 +0000] "HEAD / HTTP/1.1" 200 5179 "-" "jetmon/1.0 (Jetpack Site Uptime Monitor by WordPress.com)"
162.221.192.26 - - [07/Jul/2021:16:44:16 +0000] "GET / HTTP/1.1" 301 521 "http://174.142.114.11/" "Mozilla/5.0 (Windows NT 10.0; Win64; x64) AppleWebKit/537.36 (KHTML, like Gecko) Chrome/60.0.3112.113 Safari/537.36"
162.221.192.26 - - [07/Jul/2021:16:44:17 +0000] "GET / HTTP/1.1" 200 8656 "http://www.example.org/" "Mozilla/5.0 (Windows NT 10.0; Win64; x64) AppleWebKit/537.36 (KHTML, like Gecko) Chrome/60.0.3112.113 Safari/537.36"
183.136.225.14 - - [07/Jul/2021:16:46:04 +0000] "GET / HTTP/1.1" 400 5112 "-" "Mozilla/5.0 (Macintosh; Intel Mac OS X 10.11; rv:47.0) Gecko/20100101 Firefox/47.0"
183.136.225.14 - - [07/Jul/2021:16:46:05 +0000] "GET / HTTP/1.1" 400 4991 "-" "Mozilla/5.0 (Windows NT 6.1; WOW64) AppleWebKit/537.36 (KHTML, like Gecko) Chrome/63.0.3239.132 Safari/537.36 QIHU 360SE"
183.136.225.14 - - [07/Jul/2021:16:46:06 +0000] "GET /favicon.ico HTTP/1.1" 502 5175 "-" "Mozilla/5.0 (Windows NT 6.1; WOW64) AppleWebKit/537.36 (KHTML, like Gecko) Chrome/63.0.3239.132 Safari/537.36 QIHU 360SE"
192.0.101.226 - - [07/Jul/2021:16:46:23 +0000] "HEAD / HTTP/1.1" 301 204 "-" "jetmon/1.0 (Jetpack Site Uptime Monitor by WordPress.com)"
192.0.101.226 - - [07/Jul/2021:16:46:23 +0000] "HEAD / HTTP/1.1" 200 5179 "-" "jetmon/1.0 (Jetpack Site Uptime Monitor by WordPress.com)"
186.66.73.23 - - [07/Jul/2021:16:46:25 +0000] "GET / HTTP/1.1" 400 0 "-" "-"
114.119.140.170 - - [07/Jul/2021:16:48:01 +0000] "GET /robots.txt HTTP/1.1" 301 597 "-" "Mozilla/5.0 (compatible;PetalBot;+https://webmaster.petalsearch.com/site/petalbot)"
114.119.140.170 - - [07/Jul/2021:16:48:03 +0000] "GET /robots.txt HTTP/1.1" 404 4976 "-" "Mozilla/5.0 (compatible;PetalBot;+https://webmaster.petalsearch.com/site/petalbot)"
192.53.161.117 - - [07/Jul/2021:16:54:09 +0000] "GET /owa/ HTTP/1.1" 502 5148 "-" "Mozilla/5.0 (Windows NT 10.0; Win64; x64) AppleWebKit/537.36 (KHTML, like Gecko) Chrome/60.0.3112.113 Safari/537.36"
192.0.101.226 - - [07/Jul/2021:16:54:20 +0000] "HEAD / HTTP/1.1" 301 204 "-" "jetmon/1.0 (Jetpack Site Uptime Monitor by WordPress.com)"
192.0.101.226 - - [07/Jul/2021:16:54:20 +0000] "HEAD / HTTP/1.1" 200 5179 "-" "jetmon/1.0 (Jetpack Site Uptime Monitor by WordPress.com)"
192.53.170.243 - - [07/Jul/2021:16:54:30 +0000] "GET / HTTP/1.1" 301 521 "http://174.142.114.11/" "Mozilla/5.0 (Windows NT 10.0; Win64; x64) AppleWebKit/537.36 (KHTML, like Gecko) Chrome/60.0.3112.113 Safari/537.36"
192.53.170.243 - - [07/Jul/2021:16:54:31 +0000] "GET / HTTP/1.1" 200 8657 "http://www.example.org/" "Mozilla/5.0 (Windows NT 10.0; Win64; x64) AppleWebKit/537.36 (KHTML, like Gecko) Chrome/60.0.3112.113 Safari/537.36"
80.82.77.240 - - [07/Jul/2021:16:55:59 +0000] "GET / HTTP/1.0" 301 540 "-" "masscan/1.0 (https://github.com/robertdavidgraham/masscan)"
84.553.41.57 - - [07/Jul/2021:16:57:24 +0100] "GET /wordpress/wp-login.php HTTP/1.1" 200 1568 "-"
84.553.41.57 - - [07/Jul/2021:16:57:31 +0100] "POST /wordpress/wp-login.php HTTP/1.1" 302 1150 "http://www.example.com/wordpress/wp-login.php"
84.553.41.57 - - [07/Jul/2021:16:57:31 +0100] "GET /wordpress/wp-admin/ HTTP/1.1" 200 12905 "http://www.example.com/wordpress/wp-login.php"
186.11.98.61 - - [07/Jul/2021:17:00:02 +0000] "GET / HTTP/1.1" 200 9368 "https://www.bing.com/" "Mozilla/5.0 (Windows NT 10.0; Win64; x64) AppleWebKit/537.36 (KHTML, like Gecko) Chrome/91.0.4472.124 Safari/537.36 Edg/91.0.864.64"
186.11.98.61 - - [07/Jul/2021:17:00:03 +0000] "GET /static/main_page/css/layout_main.css HTTP/1.1" 200 1149 "https://www.example.org/" "Mozilla/5.0 (Windows NT 10.0; Win64; x64) AppleWebKit/537.36 (KHTML, like Gecko) Chrome/91.0.4472.124 Safari/537.36 Edg/91.0.864.64"
186.11.98.61 - - [07/Jul/2021:17:00:03 +0000] "GET /static/main_page/css/style_main.css HTTP/1.1" 200 710 "https://www.example.org/" "Mozilla/5.0 (Windows NT 10.0; Win64; x64) AppleWebKit/537.36 (KHTML, like Gecko) Chrome/91.0.4472.124 Safari/537.36 Edg/91.0.864.64"
186.11.98.61 - - [07/Jul/2021:17:00:03 +0000] "GET /static/main_page/css/style.css HTTP/1.1" 200 1975 "https://www.example.org/" "Mozilla/5.0 (Windows NT 10.0; Win64; x64) AppleWebKit/537.36 (KHTML, like Gecko) Chrome/91.0.4472.124 Safari/537.36 Edg/91.0.864.64"
186.11.98.61 - - [07/Jul/2021:17:00:03 +0000] "GET /static/main_page/js/menu.js HTTP/1.1" 200 517 "https://www.example.org/" "Mozilla/5.0 (Windows NT 10.0; Win64; x64) AppleWebKit/537.36 (KHTML, like Gecko) Chrome/91.0.4472.124 Safari/537.36 Edg/91.0.864.64"
186.11.98.61 - - [07/Jul/2021:17:00:04 +0000] "GET /static/main_page/image/logo_example.jpg HTTP/1.1" 200 41935 "https://www.example.org/" "Mozilla/5.0 (Windows NT 10.0; Win64; x64) AppleWebKit/537.36 (KHTML, like Gecko) Chrome/91.0.4472.124 Safari/537.36 Edg/91.0.864.64"
186.11.98.61 - - [07/Jul/2021:17:00:04 +0000] "GET /static/main_page/image/foto_1_villa_feliz.jpg HTTP/1.1" 200 92583 "https://www.example.org/" "Mozilla/5.0 (Windows NT 10.0; Win64; x64) AppleWebKit/537.36 (KHTML, like Gecko) Chrome/91.0.4472.124 Safari/537.36 Edg/91.0.864.64"
186.11.98.61 - - [07/Jul/2021:17:00:04 +0000] "GET /static/main_page/image/foto_2_villa_feliz.jpg HTTP/1.1" 200 90356 "https://www.example.org/" "Mozilla/5.0 (Windows NT 10.0; Win64; x64) AppleWebKit/537.36 (KHTML, like Gecko) Chrome/91.0.4472.124 Safari/537.36 Edg/91.0.864.64"
186.11.98.61 - - [07/Jul/2021:17:00:05 +0000] "GET /static/main_page/image/icono_compuerta.jpg HTTP/1.1" 200 7060 "https://www.example.org/" "Mozilla/5.0 (Windows NT 10.0; Win64; x64) AppleWebKit/537.36 (KHTML, like Gecko) Chrome/91.0.4472.124 Safari/537.36 Edg/91.0.864.64"
186.11.98.61 - - [07/Jul/2021:17:00:05 +0000] "GET /static/main_page/image/icono_medicion.jpg HTTP/1.1" 200 8087 "https://www.example.org/" "Mozilla/5.0 (Windows NT 10.0; Win64; x64) AppleWebKit/537.36 (KHTML, like Gecko) Chrome/91.0.4472.124 Safari/537.36 Edg/91.0.864.64"
186.11.98.61 - - [07/Jul/2021:17:00:05 +0000] "GET /static/main_page/image/icono_agricultura.jpg HTTP/1.1" 200 7840 "https://www.example.org/" "Mozilla/5.0 (Windows NT 10.0; Win64; x64) AppleWebKit/537.36 (KHTML, like Gecko) Chrome/91.0.4472.124 Safari/537.36 Edg/91.0.864.64"
186.11.98.61 - - [07/Jul/2021:17:00:05 +0000] "GET /static/main_page/image/compuerta.jpg HTTP/1.1" 200 330483 "https://www.example.org/" "Mozilla/5.0 (Windows NT 10.0; Win64; x64) AppleWebKit/537.36 (KHTML, like Gecko) Chrome/91.0.4472.124 Safari/537.36 Edg/91.0.864.64"
186.11.98.61 - - [07/Jul/2021:17:00:05 +0000] "GET /static/main_page/image/pie_de_pagina.jpg HTTP/1.1" 200 237578 "https://www.example.org/" "Mozilla/5.0 (Windows NT 10.0; Win64; x64) AppleWebKit/537.36 (KHTML, like Gecko) Chrome/91.0.4472.124 Safari/537.36 Edg/91.0.864.64"
186.11.98.61 - - [07/Jul/2021:17:00:05 +0000] "GET /static/main_page/image/medicion.jpg HTTP/1.1" 200 353020 "https://www.example.org/" "Mozilla/5.0 (Windows NT 10.0; Win64; x64) AppleWebKit/537.36 (KHTML, like Gecko) Chrome/91.0.4472.124 Safari/537.36 Edg/91.0.864.64"
186.11.98.61 - - [07/Jul/2021:17:00:06 +0000] "GET /favicon.ico HTTP/1.1" 404 476 "https://www.example.org/" "Mozilla/5.0 (Windows NT 10.0; Win64; x64) AppleWebKit/537.36 (KHTML, like Gecko) Chrome/91.0.4472.124 Safari/537.36 Edg/91.0.864.64"
186.11.98.61 - - [07/Jul/2021:17:00:20 +0000] "GET / HTTP/1.1" 200 4725 "-" "Mozilla/5.0 (Windows NT 10.0; Win64; x64) AppleWebKit/537.36 (KHTML, like Gecko) Chrome/91.0.4472.124 Safari/537.36 Edg/91.0.864.64"
186.11.98.61 - - [07/Jul/2021:17:00:22 +0000] "GET /static/main_page/css/layout.css HTTP/1.1" 200 1451 "https://www.example.org/" "Mozilla/5.0 (Windows NT 10.0; Win64; x64) AppleWebKit/537.36 (KHTML, like Gecko) Chrome/91.0.4472.124 Safari/537.36 Edg/91.0.864.64"
84.553.41.57 - - [07/Jul/2021:17:00:32 +0100] "POST /wordpress/wp-admin/admin-ajax.php HTTP/1.1" 200 454 "http://www.example.com/wordpress/wp-admin/"
186.11.98.61 - - [07/Jul/2021:17:00:36 +0000] "GET / HTTP/1.1" 200 4730 "-" "Mozilla/5.0 (Windows NT 10.0; Win64; x64) AppleWebKit/537.36 (KHTML, like Gecko) Chrome/91.0.4472.124 Safari/537.36 Edg/91.0.864.64"
186.11.98.61 - - [07/Jul/2021:17:00:37 +0000] "GET /static/main_page/js/theme.js HTTP/1.1" 200 544 "https://www.example.org/" "Mozilla/5.0 (Windows NT 10.0; Win64; x64) AppleWebKit/537.36 (KHTML, like Gecko) Chrome/91.0.4472.124 Safari/537.36 Edg/91.0.864.64"
186.11.98.61 - - [07/Jul/2021:17:00:57 +0000] "-" 408 563 "-" "-"
84.553.41.57 - - [07/Jul/2021:17:00:58 +0100] "GET /wordpress/wp-admin/theme-editor.php HTTP/1.1" 200 20795 "http://www.example.com/wordpress/wp-admin/"
192.0.101.226 - - [07/Jul/2021:17:02:03 +0000] "HEAD / HTTP/1.1" 301 204 "-" "jetmon/1.0 (Jetpack Site Uptime Monitor by WordPress.com)"
192.0.101.226 - - [07/Jul/2021:17:02:03 +0000] "HEAD / HTTP/1.1" 200 5179 "-" "jetmon/1.0 (Jetpack Site Uptime Monitor by WordPress.com)"
84.553.41.57 - - [07/Jul/2021:17:03:17 +0100] "GET /wordpress/wp-admin/theme-editor.php?file=404.php&theme=twentysixteen HTTP/1.1" 200 8092 "http://www.example.com/wordpress/wp-admin/theme-editor.php"
192.0.101.226 - - [07/Jul/2021:17:10:01 +0000] "HEAD / HTTP/1.1" 301 204 "-" "jetmon/1.0 (Jetpack Site Uptime Monitor by WordPress.com)"
192.0.101.226 - - [07/Jul/2021:17:10:01 +0000] "HEAD / HTTP/1.1" 200 5179 "-" "jetmon/1.0 (Jetpack Site Uptime Monitor by WordPress.com)"
176.58.104.76 - - [07/Jul/2021:17:10:22 +0000] "GET / HTTP/1.1" 400 4933 "-" "Mozilla/5.0 (Windows NT 10.0; Win64; x64) AppleWebKit/537.36 (KHTML, like Gecko) Chrome/60.0.3112.113 Safari/537.36"
84.553.41.57 - - [07/Jul/2021:17:11:48 +0100] "GET /wordpress/wp-admin/plugin-install.php HTTP/1.1" 200 12459 "http://www.example.com/wordpress/wp-admin/plugin-install.php?tab=upload"
84.553.41.57 - - [07/Jul/2021:17:16:06 +0100] "GET /wordpress/wp-admin/update.php?action=install-plugin&plugin=file-manager&_wpnonce=3c6c8a7fca HTTP/1.1" 200 5698 "http://www.example.com/wordpress/wp-admin/plugin-install.php?tab=search&s=file+permission"
192.0.101.226 - - [07/Jul/2021:17:17:56 +0000] "HEAD / HTTP/1.1" 301 204 "-" "jetmon/1.0 (Jetpack Site Uptime Monitor by WordPress.com)"
192.0.101.226 - - [07/Jul/2021:17:17:56 +0000] "HEAD / HTTP/1.1" 200 5179 "-" "jetmon/1.0 (Jetpack Site Uptime Monitor by WordPress.com)"
84.553.41.57 - - [07/Jul/2021:17:18:19 +0100] "GET /wordpress/wp-admin/plugins.php?action=activate&plugin=file-manager%2Ffile-manager.php&_wpnonce=bf932ee530 HTTP/1.1" 302 451 "http://www.example.com/wordpress/wp-admin/update.php?action=install-plugin&plugin=file-manager&_wpnonce=3c6c8a7fca"
84.553.41.57 - - [07/Jul/2021:17:21:46 +0100] "GET /wordpress/wp-admin/admin-ajax.php?action=connector&cmd=upload&target=l1_d3AtY29udGVudA&name%5B%5D=r57.php&FILES=&_=1460873968131 HTTP/1.1" 200 731 "http://www.example.com/wordpress/wp-admin/admin.php?page=file-manager_settings"
84.553.41.57 - - [07/Jul/2021:17:22:53 +0100] "GET /wordpress/wp-content/r57.php HTTP/1.1" 200 9036 "-"
192.0.101.226 - - [07/Jul/2021:17:25:45 +0000] "HEAD / HTTP/1.1" 301 204 "-" "jetmon/1.0 (Jetpack Site Uptime Monitor by WordPress.com)"
192.0.101.226 - - [07/Jul/2021:17:25:45 +0000] "HEAD / HTTP/1.1" 200 5179 "-" "jetmon/1.0 (Jetpack Site Uptime Monitor by WordPress.com)"
128.1.248.26 - - [07/Jul/2021:17:26:28 +0000] "GET / HTTP/1.1" 400 4933 "-" "Mozilla/5.0 (Windows NT 10.0; Win64; x64) AppleWebKit/537.36 (KHTML, like Gecko) Chrome/60.0.3112.113 Safari/537.36"
84.553.41.57 - - [07/Jul/2021:17:29:21 +0100] "GET /wordpress/wp-content/r57.php?29 HTTP/1.1" 200 8391 "http://www.example.com/wordpress/wp-content/r57.php?28"
84.553.41.57 - - [07/Jul/2021:17:32:24 +0100] "POST /wordpress/wp-content/r57.php?14 HTTP/1.1" 200 8030 "http://www.example.com/wordpress/wp-content/r57.php?14"
192.0.101.226 - - [07/Jul/2021:17:33:41 +0000] "HEAD / HTTP/1.1" 301 204 "-" "jetmon/1.0 (Jetpack Site Uptime Monitor by WordPress.com)"
192.0.101.226 - - [07/Jul/2021:17:33:41 +0000] "HEAD / HTTP/1.1" 200 5179 "-" "jetmon/1.0 (Jetpack Site Uptime Monitor by WordPress.com)"
192.0.101.226 - - [07/Jul/2021:17:41:38 +0000] "HEAD / HTTP/1.1" 301 204 "-" "jetmon/1.0 (Jetpack Site Uptime Monitor by WordPress.com)"
192.0.101.226 - - [07/Jul/2021:17:41:38 +0000] "HEAD / HTTP/1.1" 200 5179 "-" "jetmon/1.0 (Jetpack Site Uptime Monitor by WordPress.com)"
192.0.101.226 - - [07/Jul/2021:17:49:25 +0000] "HEAD / HTTP/1.1" 301 204 "-" "jetmon/1.0 (Jetpack Site Uptime Monitor by WordPress.com)"
192.0.101.226 - - [07/Jul/2021:17:49:25 +0000] "HEAD / HTTP/1.1" 200 5179 "-" "jetmon/1.0 (Jetpack Site Uptime Monitor by WordPress.com)"
192.0.101.226 - - [07/Jul/2021:17:57:06 +0000] "HEAD / HTTP/1.1" 301 204 "-" "jetmon/1.0 (Jetpack Site Uptime Monitor by WordPress.com)"
192.0.101.226 - - [07/Jul/2021:17:57:06 +0000] "HEAD / HTTP/1.1" 200 5179 "-" "jetmon/1.0 (Jetpack Site Uptime Monitor by WordPress.com)"
84.553.41.57 - - [07/Jul/2021:17:57:31 +0100] "POST /wordpress/wp-admin/admin-ajax.php HTTP/1.1" 200 949 "http://www.mywebsite.com/wordpress/wp-admin/admin.php?page=file-manager_settings"
76.221.129.113 - - [07/Jul/2021:17:58:15 +0000] "GET / HTTP/1.1" 400 0 "-" "-"
54.36.148.230 - - [07/Jul/2021:18:03:39 +0000] "GET / HTTP/1.1" 200 9312 "-" "Mozilla/5.0 (compatible; AhrefsBot/7.0; +http://ahrefs.com/robot/)"
192.0.101.226 - - [07/Jul/2021:18:05:06 +0000] "HEAD / HTTP/1.1" 301 204 "-" "jetmon/1.0 (Jetpack Site Uptime Monitor by WordPress.com)"
192.0.101.226 - - [07/Jul/2021:18:05:06 +0000] "HEAD / HTTP/1.1" 200 5179 "-" "jetmon/1.0 (Jetpack Site Uptime Monitor by WordPress.com)"
186.70.129.192 - - [07/Jul/2021:18:06:37 +0000] "GET / HTTP/1.1" 400 0 "-" "-"
192.0.101.226 - - [07/Jul/2021:18:13:22 +0000] "HEAD / HTTP/1.1" 301 204 "-" "jetmon/1.0 (Jetpack Site Uptime Monitor by WordPress.com)"
192.0.101.226 - - [07/Jul/2021:18:13:22 +0000] "HEAD / HTTP/1.1" 200 5179 "-" "jetmon/1.0 (Jetpack Site Uptime Monitor by WordPress.com)"
192.0.101.226 - - [07/Jul/2021:18:21:01 +0000] "HEAD / HTTP/1.1" 301 204 "-" "jetmon/1.0 (Jetpack Site Uptime Monitor by WordPress.com)"
192.0.101.226 - - [07/Jul/2021:18:21:01 +0000] "HEAD / HTTP/1.1" 200 5179 "-" "jetmon/1.0 (Jetpack Site Uptime Monitor by WordPress.com)"
128.14.133.58 - - [07/Jul/2021:18:28:46 +0000] "GET / HTTP/1.1" 400 4933 "-" "Mozilla/5.0 (Windows NT 10.0; Win64; x64) AppleWebKit/537.36 (KHTML, like Gecko) Chrome/60.0.3112.113 Safari/537.36"
73.178.225.176 - - [07/Jul/2021:18:28:59 +0000] "GET / HTTP/1.1" 400 379 "-" "-"
192.0.101.226 - - [07/Jul/2021:18:29:02 +0000] "HEAD / HTTP/1.1" 301 204 "-" "jetmon/1.0 (Jetpack Site Uptime Monitor by WordPress.com)"
192.0.101.226 - - [07/Jul/2021:18:29:02 +0000] "HEAD / HTTP/1.1" 200 5179 "-" "jetmon/1.0 (Jetpack Site Uptime Monitor by WordPress.com)"
193.118.53.202 - - [07/Jul/2021:18:33:20 +0000] "GET / HTTP/1.1" 301 521 "http://174.142.114.11/" "Mozilla/5.0 (Windows NT 10.0; Win64; x64) AppleWebKit/537.36 (KHTML, like Gecko) Chrome/60.0.3112.113 Safari/537.36"
193.118.53.202 - - [07/Jul/2021:18:33:21 +0000] "GET / HTTP/1.1" 200 8658 "http://www.example.org/" "Mozilla/5.0 (Windows NT 10.0; Win64; x64) AppleWebKit/537.36 (KHTML, like Gecko) Chrome/60.0.3112.113 Safari/537.36"


192.0.101.226 - - [07/Jul/2021:18:36:47 +0000] "HEAD / HTTP/1.1" 301 204 "-" "jetmon/1.0 (Jetpack Site Uptime Monitor by WordPress.com)"
192.0.101.226 - - [07/Jul/2021:18:36:49 +0000] "HEAD / HTTP/1.1" 200 5179 "-" "jetmon/1.0 (Jetpack Site Uptime Monitor by WordPress.com)"
192.241.211.90 - - [07/Jul/2021:18:39:30 +0000] "GET /portal/redlion HTTP/1.1" 502 596 "-" "Mozilla/5.0 zgrab/0.x"
192.0.101.226 - - [07/Jul/2021:18:44:56 +0000] "HEAD / HTTP/1.1" 301 204 "-" "jetmon/1.0 (Jetpack Site Uptime Monitor by WordPress.com)"
192.0.101.226 - - [07/Jul/2021:18:44:56 +0000] "HEAD / HTTP/1.1" 200 5179 "-" "jetmon/1.0 (Jetpack Site Uptime Monitor by WordPress.com)"
192.241.221.147 - - [07/Jul/2021:18:50:24 +0000] "GET /actuator/health HTTP/1.1" 502 598 "-" "Mozilla/5.0 zgrab/0.x"
185.142.236.43 - - [07/Jul/2021:18:52:30 +0000] "GET / HTTP/1.1" 400 5112 "-" "Mozilla/5.0 (X11; Linux x86_64) AppleWebKit/537.36 (KHTML, like Gecko) Chrome/34.0.1847.137 Safari/537.36"
192.0.101.226 - - [07/Jul/2021:18:52:32 +0000] "HEAD / HTTP/1.1" 301 204 "-" "jetmon/1.0 (Jetpack Site Uptime Monitor by WordPress.com)"
192.0.101.226 - - [07/Jul/2021:18:52:32 +0000] "HEAD / HTTP/1.1" 200 5179 "-" "jetmon/1.0 (Jetpack Site Uptime Monitor by WordPress.com)"
192.0.101.226 - - [07/Jul/2021:19:00:29 +0000] "HEAD / HTTP/1.1" 301 204 "-" "jetmon/1.0 (Jetpack Site Uptime Monitor by WordPress.com)"
192.0.101.226 - - [07/Jul/2021:19:00:29 +0000] "HEAD / HTTP/1.1" 200 5179 "-" "jetmon/1.0 (Jetpack Site Uptime Monitor by WordPress.com)"
192.0.101.226 - - [07/Jul/2021:19:08:17 +0000] "HEAD / HTTP/1.1" 301 204 "-" "jetmon/1.0 (Jetpack Site Uptime Monitor by WordPress.com)"
192.0.101.226 - - [07/Jul/2021:19:08:17 +0000] "HEAD / HTTP/1.1" 200 5179 "-" "jetmon/1.0 (Jetpack Site Uptime Monitor by WordPress.com)"
192.0.101.226 - - [07/Jul/2021:19:16:24 +0000] "HEAD / HTTP/1.1" 301 204 "-" "jetmon/1.0 (Jetpack Site Uptime Monitor by WordPress.com)"
192.0.101.226 - - [07/Jul/2021:19:16:24 +0000] "HEAD / HTTP/1.1" 200 5179 "-" "jetmon/1.0 (Jetpack Site Uptime Monitor by WordPress.com)"
128.14.134.170 - - [07/Jul/2021:19:22:58 +0000] "GET / HTTP/1.1" 400 379 "-" "Mozilla/5.0 (Windows NT 10.0; Win64; x64) AppleWebKit/537.36 (KHTML, like Gecko) Chrome/60.0.3112.113 Safari/537.36"
45.146.164.110 - - [07/Jul/2021:19:23:34 +0000] "GET /_ignition/execute-solution HTTP/1.1" 502 618 "-" "Mozilla/5.0 (Windows NT 10.0; Win64; x64) AppleWebKit/537.36 (KHTML, like Gecko) Chrome/78.0.3904.108 Safari/537.36"
45.146.164.110 - - [07/Jul/2021:19:23:34 +0000] "GET /?XDEBUG_SESSION_START=phpstorm HTTP/1.1" 400 379 "-" "Mozilla/5.0 (Windows NT 10.0; Win64; x64) AppleWebKit/537.36 (KHTML, like Gecko) Chrome/78.0.3904.108 Safari/537.36"
45.146.164.110 - - [07/Jul/2021:19:23:34 +0000] "GET /solr/admin/info/system?wt=json HTTP/1.1" 502 613 "-" "Mozilla/5.0 (Windows NT 10.0; Win64; x64) AppleWebKit/537.36 (KHTML, like Gecko) Chrome/78.0.3904.108 Safari/537.36"
